
> warehouse-frontend@1.0.0 build
> react-scripts build

node.exe : [baseline-browser-mapping] The data in this module is over two 
months old.  To ensure accurate Baseline data, please update: `npm i 
baseline-browser-mapping@latest -D`
At line:1 char:1
+ & "C:\Program Files\nodejs/node.exe" "C:\Program Files\nodejs/node_mo ...
+ ~~~~~~~~~~~~~~~~~~~~~~~~~~~~~~~~~~~~~~~~~~~~~~~~~~~~~~~~~~~~~~~~~~~~~
    + CategoryInfo          : NotSpecified: ([baseline-brows...ping@latest -D` 
   :String) [], RemoteException
    + FullyQualifiedErrorId : NativeCommandError
 
Creating an optimized production build...
Browserslist: browsers data (caniuse-lite) is 7 months old. Please run:
  npx update-browserslist-db@latest
  Why you should do it regularly: 
https://github.com/browserslist/update-db#readme
[baseline-browser-mapping] The data in this module is over two months old.  To 
ensure accurate Baseline data, please update: `npm i 
baseline-browser-mapping@latest -D`
Browserslist: browsers data (caniuse-lite) is 7 months old. Please run:
  npx update-browserslist-db@latest
  Why you should do it regularly: 
https://github.com/browserslist/update-db#readme
Compiled successfully.

File sizes after gzip:

  296.68 kB  build\static\js\main.4f3b8d1c.js
  46.36 kB   build\static\js\239.44c289f7.chunk.js
  43.27 kB   build\static\js\455.7ae58158.chunk.js
  8.74 kB    build\static\js\977.01b767b0.chunk.js
  7.1 kB     build\static\css\main.19a0a044.css

The project was built assuming it is hosted at /.
You can control this with the homepage field in your package.json.

The build folder is ready to be deployed.
You may serve it with a static server:

  npm install -g serve
  serve -s build

Find out more about deployment here:

  https://cra.link/deployment

